// Jest Snapshot v1, https://goo.gl/fbAQLP

exports[`PlaceField snapshot 1`] = `
<div
  aria-owns={null}
  className="MuiAutocomplete-root-fOsZCx jWEuPF MuiAutocomplete-root"
  onClick={[Function]}
  onKeyDown={[Function]}
  onMouseDown={[Function]}
>
  <div
    className="MuiFormControl-root-cIviKq fnDXqM MuiFormControl-root MuiFormControl-fullWidth MuiTextField-root-irieE hGXpVZ MuiTextField-root"
  >
    <label
      className="MuiFormLabel-root-JDKoj bogZUe MuiFormLabel-root MuiInputLabel-root MuiInputLabel-formControl MuiInputLabel-animated MuiInputLabel-sizeMedium MuiInputLabel-outlined MuiFormLabel-colorPrimary MuiInputLabel-root-iIigrT tdbvZ MuiInputLabel-root MuiInputLabel-formControl MuiInputLabel-animated MuiInputLabel-sizeMedium MuiInputLabel-outlined"
      data-shrink={false}
      htmlFor="searchPlace"
      id="searchPlace-label"
    >
      Search your paradise
    </label>
    <div
      className="MuiInputBase-root-jxHnQA MuiOutlinedInput-root-hbWbhN fqTeiG ksgrTr MuiInputBase-root MuiOutlinedInput-root MuiInputBase-colorPrimary MuiInputBase-fullWidth MuiInputBase-formControl MuiAutocomplete-inputRoot"
      onClick={[Function]}
    >
      <input
        aria-activedescendant={null}
        aria-autocomplete="list"
        aria-expanded={false}
        aria-invalid={false}
        autoCapitalize="none"
        autoComplete="off"
        autoFocus={false}
        className="MuiInputBase-input-hgvIBM MuiOutlinedInput-input-gNAnCt fWgQcr jmGRjH MuiInputBase-input MuiOutlinedInput-input MuiInputBase-inputTypeSearch MuiAutocomplete-input MuiAutocomplete-inputFocused"
        id="searchPlace"
        onAnimationStart={[Function]}
        onBlur={[Function]}
        onChange={[Function]}
        onFocus={[Function]}
        onMouseDown={[Function]}
        readOnly={false}
        required={false}
        role="combobox"
        spellCheck="false"
        type="search"
        value=""
      />
      <fieldset
        aria-hidden={true}
        className="sc-gLLuof hyuTxb MuiOutlinedInput-notchedOutline-TWKdE gRFrCv MuiOutlinedInput-notchedOutline"
      >
        <legend
          className="sc-iBdnpw hgyLSN"
        >
          <span>
            Search your paradise
          </span>
        </legend>
      </fieldset>
    </div>
  </div>
</div>
`;
