// Jest Snapshot v1, https://goo.gl/fbAQLP

exports[`ContentSkeleton snapshot 1`] = `
[
  <span
    className="MuiSkeleton-root-eEyfya ilHpkI MuiSkeleton-root MuiSkeleton-rectangular MuiSkeleton-pulse"
    style={
      {
        "height": 252,
        "width": 350,
      }
    }
  />,
  <span
    className="MuiSkeleton-root-eEyfya ilHpkI MuiSkeleton-root MuiSkeleton-rectangular MuiSkeleton-pulse"
    style={
      {
        "height": 252,
        "width": 350,
      }
    }
  />,
  <span
    className="MuiSkeleton-root-eEyfya ilHpkI MuiSkeleton-root MuiSkeleton-rectangular MuiSkeleton-pulse"
    style={
      {
        "height": 252,
        "width": 350,
      }
    }
  />,
]
`;
